// Vitest Snapshot v1

exports[`light DOM snapshot 1`] = `
<vds-scrubber
  aria-label="Media time"
  aria-orientation="horizontal"
  aria-valuemax="0"
  aria-valuemin="0"
  aria-valuenow="0"
  aria-valuetext="0 seconds out of 0 seconds"
  autocomplete="off"
  role="slider"
  tabindex="0"
/>
`;

exports[`shadow DOM snapshot 1`] = `
"<div
  id=\\"root\\"
  part=\\"root\\"
  role=\\"presentation\\"
  style=\\"--vds-slider-fill-value: 0; --vds-slider-fill-rate: 0; --vds-slider-fill-percent: 0%; --vds-slider-drag-rate: 0; --vds-slider-drag-percent: 0%;\\"
>
  <div
    id=\\"thumb-container\\"
    part=\\"thumb-container\\"
  >
    <div
      id=\\"thumb\\"
      part=\\"thumb\\"
    >
      <slot name=\\"thumb\\">
      </slot>
    </div>
    <slot name=\\"thumb-container\\">
    </slot>
  </div>
  <div
    id=\\"track\\"
    part=\\"track\\"
  >
    <slot name=\\"track\\">
    </slot>
  </div>
  <div
    id=\\"track-fill\\"
    part=\\"track-fill\\"
  >
    <slot name=\\"track-fill\\">
    </slot>
  </div>
  <input
    max=\\"100\\"
    min=\\"0\\"
    type=\\"hidden\\"
    value=\\"0\\"
  >
  <slot>
  </slot>
</div>
"
`;
